
> fashionstore@0.0.1 build
> astro build

[2m23:18:27[22m [34m[@astrojs/node][39m Enabling sessions with filesystem storage
[2m23:18:28[22m [34m[content][39m Syncing content
[2m23:18:28[22m [34m[content][39m Synced content
[2m23:18:28[22m [34m[types][39m Generated [2m95ms[22m
[2m23:18:28[22m [34m[build][39m output: [34m"server"[39m
[2m23:18:28[22m [34m[build][39m mode: [34m"server"[39m
[2m23:18:28[22m [34m[build][39m directory: [34mC:\Users\RBX\Documents\FashionStore\dist\[39m
[2m23:18:28[22m [34m[build][39m adapter: [32m@astrojs/node[39m
[2m23:18:28[22m [34m[build][39m Collecting build info...
[2m23:18:28[22m [34m[build][39m [32m✓ Completed in 251ms.[39m
[2m23:18:28[22m [34m[build][39m Building server entrypoints...
[33m[1m23:18:33[22m [WARN] [vite][39m [33m"SupabaseClient" is imported from external module "@supabase/supabase-js" but never used in "src/modules/auth/services/auth.service.ts".[39m
[2m23:18:33[22m [34m[vite][39m [32m✓ built in 5.32s[39m
[2m23:18:33[22m [34m[build][39m [32m✓ Completed in 5.37s.[39m

[42m[30m building client (vite) [39m[49m
[2m23:18:33[22m [34m[vite][39m transforming...
[2m23:18:36[22m [34m[vite][39m [32m✓[39m 568 modules transformed.
[2m23:18:36[22m [34m[vite][39m rendering chunks...
[2m23:18:37[22m [34m[vite][39m computing gzip size...
[2m23:18:37[22m [34m[vite][39m [2mdist/client/[22m[36m_astro/supabase.D6b-fohq.js                                                 [39m[1m[2m  0.33 kB[22m[1m[22m[2m │ gzip:  0.30 kB[22m
[2m23:18:37[22m [34m[vite][39m [2mdist/client/[22m[36m_astro/index.-DS287eb.js                                                    [39m[1m[2m  0.42 kB[22m[1m[22m[2m │ gzip:  0.30 kB[22m
[2m23:18:37[22m [34m[vite][39m [2mdist/client/[22m[36m_astro/format.oxtDvdcZ.js                                                   [39m[1m[2m  0.46 kB[22m[1m[22m[2m │ gzip:  0.38 kB[22m
[2m23:18:37[22m [34m[vite][39m [2mdist/client/[22m[36m_astro/CohortChart.C4DTlpNO.js                                              [39m[1m[2m  0.65 kB[22m[1m[22m[2m │ gzip:  0.43 kB[22m
[2m23:18:37[22m [34m[vite][39m [2mdist/client/[22m[36m_astro/login.astro_astro_type_script_index_0_lang.CJ-UGqhy.js               [39m[1m[2m  0.65 kB[22m[1m[22m[2m │ gzip:  0.40 kB[22m
[2m23:18:37[22m [34m[vite][39m [2mdist/client/[22m[36m_astro/jsx-runtime.D_zvdyIk.js                                              [39m[1m[2m  0.73 kB[22m[1m[22m[2m │ gzip:  0.46 kB[22m
[2m23:18:37[22m [34m[vite][39m [2mdist/client/[22m[36m_astro/AdminLayout.astro_astro_type_script_index_0_lang.BA00-Kx-.js         [39m[1m[2m  0.80 kB[22m[1m[22m[2m │ gzip:  0.56 kB[22m
[2m23:18:37[22m [34m[vite][39m [2mdist/client/[22m[36m_astro/LazyImage.DBlrEyCf.js                                                [39m[1m[2m  0.83 kB[22m[1m[22m[2m │ gzip:  0.52 kB[22m
[2m23:18:37[22m [34m[vite][39m [2mdist/client/[22m[36m_astro/registro.astro_astro_type_script_index_0_lang.Dyh-5KSA.js            [39m[1m[2m  0.95 kB[22m[1m[22m[2m │ gzip:  0.51 kB[22m
[2m23:18:37[22m [34m[vite][39m [2mdist/client/[22m[36m_astro/cambiar-password.astro_astro_type_script_index_0_lang.0pVUi7O6.js    [39m[1m[2m  1.04 kB[22m[1m[22m[2m │ gzip:  0.57 kB[22m
[2m23:18:37[22m [34m[vite][39m [2mdist/client/[22m[36m_astro/recuperar-password.astro_astro_type_script_index_0_lang.D77V1Mm_.js  [39m[1m[2m  1.09 kB[22m[1m[22m[2m │ gzip:  0.60 kB[22m
[2m23:18:37[22m [34m[vite][39m [2mdist/client/[22m[36m_astro/auth-client.service.CUv2s__a.js                                      [39m[1m[2m  1.09 kB[22m[1m[22m[2m │ gzip:  0.63 kB[22m
[2m23:18:37[22m [34m[vite][39m [2mdist/client/[22m[36m_astro/AdminLayout.astro_astro_type_script_index_0_lang.RUj51WoZ.js         [39m[1m[2m  1.09 kB[22m[1m[22m[2m │ gzip:  0.61 kB[22m
[2m23:18:37[22m [34m[vite][39m [2mdist/client/[22m[36m_astro/DashboardCharts.CEbs2zpN.js                                          [39m[1m[2m  1.09 kB[22m[1m[22m[2m │ gzip:  0.55 kB[22m
[2m23:18:37[22m [34m[vite][39m [2mdist/client/[22m[36m_astro/preload-helper.BlTxHScW.js                                           [39m[1m[2m  1.11 kB[22m[1m[22m[2m │ gzip:  0.65 kB[22m
[2m23:18:37[22m [34m[vite][39m [2mdist/client/[22m[36m_astro/routes.CTRrrmyj.js                                                   [39m[1m[2m  1.52 kB[22m[1m[22m[2m │ gzip:  0.72 kB[22m
[2m23:18:37[22m [34m[vite][39m [2mdist/client/[22m[36m_astro/WishlistButton.BkrD8fiC.js                                           [39m[1m[2m  1.58 kB[22m[1m[22m[2m │ gzip:  0.93 kB[22m
[2m23:18:37[22m [34m[vite][39m [2mdist/client/[22m[36m_astro/NewsletterForm.kxBc6OYK.js                                           [39m[1m[2m  1.84 kB[22m[1m[22m[2m │ gzip:  1.01 kB[22m
[2m23:18:37[22m [34m[vite][39m [2mdist/client/[22m[36m_astro/ProductSelector.DP0VqMPz.js                                          [39m[1m[2m  2.93 kB[22m[1m[22m[2m │ gzip:  1.28 kB[22m
[2m23:18:37[22m [34m[vite][39m [2mdist/client/[22m[36m_astro/CategoryImageUploader.DAsTlNg4.js                                    [39m[1m[2m  2.94 kB[22m[1m[22m[2m │ gzip:  1.35 kB[22m
[2m23:18:37[22m [34m[vite][39m [2mdist/client/[22m[36m_astro/EditorialList.BgbJIPx3.js                                            [39m[1m[2m  3.25 kB[22m[1m[22m[2m │ gzip:  1.42 kB[22m
[2m23:18:37[22m [34m[vite][39m [2mdist/client/[22m[36m_astro/ImageUploader.BdY2WTNZ.js                                            [39m[1m[2m  3.53 kB[22m[1m[22m[2m │ gzip:  1.65 kB[22m
[2m23:18:37[22m [34m[vite][39m [2mdist/client/[22m[36m_astro/index.B9pC6_s6.js                                                    [39m[1m[2m  3.89 kB[22m[1m[22m[2m │ gzip:  1.52 kB[22m
[2m23:18:37[22m [34m[vite][39m [2mdist/client/[22m[36m_astro/UserButton.CHNzdtRg.js                                               [39m[1m[2m  4.06 kB[22m[1m[22m[2m │ gzip:  1.62 kB[22m
[2m23:18:37[22m [34m[vite][39m [2mdist/client/[22m[36m_astro/LiveSearch.DB-ZzB10.js                                               [39m[1m[2m  4.13 kB[22m[1m[22m[2m │ gzip:  1.60 kB[22m
[2m23:18:37[22m [34m[vite][39m [2mdist/client/[22m[36m_astro/OrderSummary.B9A6_LMk.js                                             [39m[1m[2m  4.27 kB[22m[1m[22m[2m │ gzip:  1.60 kB[22m
[2m23:18:37[22m [34m[vite][39m [2mdist/client/[22m[36m_astro/NewsletterPopup.V6eZVlVO.js                                          [39m[1m[2m  4.29 kB[22m[1m[22m[2m │ gzip:  1.70 kB[22m
[2m23:18:37[22m [34m[vite][39m [2mdist/client/[22m[36m_astro/cart.store.DYaSE6Yr.js                                               [39m[1m[2m  5.22 kB[22m[1m[22m[2m │ gzip:  2.24 kB[22m
[2m23:18:37[22m [34m[vite][39m [2mdist/client/[22m[36m_astro/SizeRecommender.Crh7ENtv.js                                          [39m[1m[2m  5.53 kB[22m[1m[22m[2m │ gzip:  2.04 kB[22m
[2m23:18:37[22m [34m[vite][39m [2mdist/client/[22m[36m_astro/index.astro_astro_type_script_index_0_lang.Az_YVj3Q.js               [39m[1m[2m  5.60 kB[22m[1m[22m[2m │ gzip:  1.78 kB[22m
[2m23:18:37[22m [34m[vite][39m [2mdist/client/[22m[36m_astro/EditorialEditor.Celpp8-0.js                                          [39m[1m[2m  5.68 kB[22m[1m[22m[2m │ gzip:  1.97 kB[22m
[2m23:18:37[22m [34m[vite][39m [2mdist/client/[22m[36m_astro/index.astro_astro_type_script_index_0_lang.eXzLj7_r.js               [39m[1m[2m  5.93 kB[22m[1m[22m[2m │ gzip:  1.93 kB[22m
[2m23:18:37[22m [34m[vite][39m [2mdist/client/[22m[36m_astro/CheckoutForm.BpZWTWPK.js                                             [39m[1m[2m  7.89 kB[22m[1m[22m[2m │ gzip:  2.71 kB[22m
[2m23:18:37[22m [34m[vite][39m [2mdist/client/[22m[36m_astro/index.BmW6Ki2V.js                                                    [39m[1m[2m  7.97 kB[22m[1m[22m[2m │ gzip:  3.10 kB[22m
[2m23:18:37[22m [34m[vite][39m [2mdist/client/[22m[36m_astro/_orderId_.astro_astro_type_script_index_0_lang.Dcm1X1uL.js           [39m[1m[2m  8.46 kB[22m[1m[22m[2m │ gzip:  2.31 kB[22m
[2m23:18:37[22m [34m[vite][39m [2mdist/client/[22m[36m_astro/CartSlideOver.N1HyqipO.js                                            [39m[1m[2m 13.57 kB[22m[1m[22m[2m │ gzip:  4.18 kB[22m
[2m23:18:37[22m [34m[vite][39m [2mdist/client/[22m[36m_astro/ProfilePage.BT8NisT-.js                                              [39m[1m[2m 34.24 kB[22m[1m[22m[2m │ gzip:  8.05 kB[22m
[2m23:18:37[22m [34m[vite][39m [2mdist/client/[22m[36m_astro/HomeLayoutEditor.CmS1UEIv.js                                         [39m[1m[2m 74.12 kB[22m[1m[22m[2m │ gzip: 22.91 kB[22m
[2m23:18:37[22m [34m[vite][39m [2mdist/client/[22m[36m_astro/Hero.DwXdnB_1.js                                                     [39m[1m[2m119.46 kB[22m[1m[22m[2m │ gzip: 39.33 kB[22m
[2m23:18:37[22m [34m[vite][39m [2mdist/client/[22m[36m_astro/index.uR775ZKJ.js                                                    [39m[1m[2m169.84 kB[22m[1m[22m[2m │ gzip: 44.17 kB[22m
[2m23:18:37[22m [34m[vite][39m [2mdist/client/[22m[36m_astro/index.BiHC1puu.js                                                    [39m[1m[2m177.95 kB[22m[1m[22m[2m │ gzip: 61.98 kB[22m
[2m23:18:37[22m [34m[vite][39m [2mdist/client/[22m[36m_astro/client.5UciG1dn.js                                                   [39m[1m[2m182.74 kB[22m[1m[22m[2m │ gzip: 57.61 kB[22m
[2m23:18:37[22m [34m[vite][39m [32m✓ built in 3.58s[39m

[42m[30m prerendering static routes [39m[49m
[2m23:18:37[22m [32m▶[39m src/pages/categoria/[slug].astro
[2m23:18:38[22m   [34m├─[39m [2m/categoria/camisetas/index.html[22m [31m(+1.08s)[39m 
[2m23:18:39[22m   [34m├─[39m [2m/categoria/gafas/index.html[22m [2m(+499ms)[22m 
[2m23:18:39[22m   [34m├─[39m [2m/categoria/pantalones/index.html[22m [31m(+500ms)[39m 
[2m23:18:40[22m   [34m├─[39m [2m/categoria/sudaderas/index.html[22m [2m(+487ms)[22m 
[2m23:18:40[22m   [34m└─[39m [2m/categoria/zapatillas/index.html[22m [31m(+553ms)[39m 
[2m23:18:41[22m [32m✓ Completed in 4.27s.
[39m
[2m23:18:41[22m [34m[build][39m Rearranging server assets...
[2m23:18:41[22m [34m[build][39m Server built in [1m13.59s[22m
[2m23:18:41[22m [34m[build][39m [1mComplete![22m
